// Jest Snapshot v1, https://goo.gl/fbAQLP

exports[`Test for  App component App Component renders correctly 1`] = `
Array [
  <header
    className="header-container"
  >
    <h1
      className="header-title"
    >
      Math Magicians
    </h1>
    <nav
      id="navbar-container"
    >
      <ul
        className="navbar-items"
      >
        <li
          className="nav-link"
        >
          <a
            href="/"
            onClick={[Function]}
          >
            Home
          </a>
        </li>
        <span
          className="vertical-line"
        />
        <li
          className="nav-link"
        >
          <a
            href="/calculator"
            onClick={[Function]}
          >
            Calculator
          </a>
        </li>
        <span
          className="vertical-line"
        />
        <li
          className="nav-link"
        >
          <a
            href="/quote"
            onClick={[Function]}
          >
            Quote
          </a>
        </li>
      </ul>
    </nav>
  </header>,
  <main
    id="home-link-container"
  >
    <h2
      className="home-title"
    >
      Welcome To Our Page
    </h2>
    <p
      className="home-link-text"
    >
      Lorem ipsum dolor sit amet, consectetur adipiscing elit, sed do eiusmod tempor incididunt ut labore et dolore magna aliqua. Ut enim ad minim veniam, quis nostrud exercitation ullamco laboris nisi ut aliquip ex ea commodo consequat. Duis aute irure dolor in reprehenderit in voluptate velit esse cillum dolore eu fugiat nulla pariatur. Excepteur sint occaecat cupidatat non proident, sunt in culpa qui officia deserunt mollit anim id est laborum.
    </p>
    <p
      className="home-link-text"
    >
      Lorem ipsum dolor sit amet, consectetur adipiscing elit, sed do eiusmod tempor incididunt ut labore et dolore magna aliqua. Ut enim ad minim veniam, quis nostrud exercitation ullamco laboris nisi ut aliquip ex ea commodo consequat. Duis aute irure dolor in reprehenderit in voluptate velit esse cillum dolore eu fugiat nulla pariatur. Excepteur sint occaecat cupidatat non proident, sunt in culpa qui officia deserunt mollit anim id est laborum.
    </p>
  </main>,
]
`;

exports[`Unit Test For  App component App Component renders correctly 1`] = `
Array [
  <header
    className="header-container"
  >
    <h1
      className="header-title"
    >
      Math Magicians
    </h1>
    <nav
      id="navbar-container"
    >
      <ul
        className="navbar-items"
      >
        <li
          className="nav-link"
        >
          <a
            href="/"
            onClick={[Function]}
          >
            Home
          </a>
        </li>
        <span
          className="vertical-line"
        />
        <li
          className="nav-link"
        >
          <a
            href="/calculator"
            onClick={[Function]}
          >
            Calculator
          </a>
        </li>
        <span
          className="vertical-line"
        />
        <li
          className="nav-link"
        >
          <a
            href="/quote"
            onClick={[Function]}
          >
            Quote
          </a>
        </li>
      </ul>
    </nav>
  </header>,
  <main
    id="home-link-container"
  >
    <h2
      className="home-title"
    >
      Welcome To Our Page
    </h2>
    <p
      className="home-link-text"
    >
      Lorem ipsum dolor sit amet, consectetur adipiscing elit, sed do eiusmod tempor incididunt ut labore et dolore magna aliqua. Ut enim ad minim veniam, quis nostrud exercitation ullamco laboris nisi ut aliquip ex ea commodo consequat. Duis aute irure dolor in reprehenderit in voluptate velit esse cillum dolore eu fugiat nulla pariatur. Excepteur sint occaecat cupidatat non proident, sunt in culpa qui officia deserunt mollit anim id est laborum.
    </p>
    <p
      className="home-link-text"
    >
      Lorem ipsum dolor sit amet, consectetur adipiscing elit, sed do eiusmod tempor incididunt ut labore et dolore magna aliqua. Ut enim ad minim veniam, quis nostrud exercitation ullamco laboris nisi ut aliquip ex ea commodo consequat. Duis aute irure dolor in reprehenderit in voluptate velit esse cillum dolore eu fugiat nulla pariatur. Excepteur sint occaecat cupidatat non proident, sunt in culpa qui officia deserunt mollit anim id est laborum.
    </p>
  </main>,
]
`;
